###############################################################################
#
# IAR ELF Linker V8.50.9.278/W32 for ARM                  13/Apr/2026  13:19:34
# Copyright 2007-2020 IAR Systems AB.
#
#    Output file  =
#        C:\Users\hjian\Desktop\程序\stm32_pid\EWARM\stm32_uart_demo\Exe\stm32_uart_demo.out
#    Map file     =
#        C:\Users\hjian\Desktop\程序\stm32_pid\EWARM\stm32_uart_demo\List\stm32_uart_demo.map
#    Command line =
#        -f C:\Users\hjian\AppData\Local\Temp\EWDF78.tmp
#        (C:\Users\hjian\Desktop\程序\stm32_pid\EWARM\stm32_uart_demo\Obj\controller.o
#        C:\Users\hjian\Desktop\程序\stm32_pid\EWARM\stm32_uart_demo\Obj\ds18b20.o
#        C:\Users\hjian\Desktop\程序\stm32_pid\EWARM\stm32_uart_demo\Obj\led.o
#        C:\Users\hjian\Desktop\程序\stm32_pid\EWARM\stm32_uart_demo\Obj\main.o
#        C:\Users\hjian\Desktop\程序\stm32_pid\EWARM\stm32_uart_demo\Obj\startup_stm32f103x6.o
#        C:\Users\hjian\Desktop\程序\stm32_pid\EWARM\stm32_uart_demo\Obj\stm32f1xx_hal.o
#        C:\Users\hjian\Desktop\程序\stm32_pid\EWARM\stm32_uart_demo\Obj\stm32f1xx_hal_cortex.o
#        C:\Users\hjian\Desktop\程序\stm32_pid\EWARM\stm32_uart_demo\Obj\stm32f1xx_hal_dma.o
#        C:\Users\hjian\Desktop\程序\stm32_pid\EWARM\stm32_uart_demo\Obj\stm32f1xx_hal_exti.o
#        C:\Users\hjian\Desktop\程序\stm32_pid\EWARM\stm32_uart_demo\Obj\stm32f1xx_hal_flash.o
#        C:\Users\hjian\Desktop\程序\stm32_pid\EWARM\stm32_uart_demo\Obj\stm32f1xx_hal_flash_ex.o
#        C:\Users\hjian\Desktop\程序\stm32_pid\EWARM\stm32_uart_demo\Obj\stm32f1xx_hal_gpio.o
#        C:\Users\hjian\Desktop\程序\stm32_pid\EWARM\stm32_uart_demo\Obj\stm32f1xx_hal_gpio_ex.o
#        C:\Users\hjian\Desktop\程序\stm32_pid\EWARM\stm32_uart_demo\Obj\stm32f1xx_hal_msp.o
#        C:\Users\hjian\Desktop\程序\stm32_pid\EWARM\stm32_uart_demo\Obj\stm32f1xx_hal_pwr.o
#        C:\Users\hjian\Desktop\程序\stm32_pid\EWARM\stm32_uart_demo\Obj\stm32f1xx_hal_rcc.o
#        C:\Users\hjian\Desktop\程序\stm32_pid\EWARM\stm32_uart_demo\Obj\stm32f1xx_hal_rcc_ex.o
#        C:\Users\hjian\Desktop\程序\stm32_pid\EWARM\stm32_uart_demo\Obj\stm32f1xx_hal_tim.o
#        C:\Users\hjian\Desktop\程序\stm32_pid\EWARM\stm32_uart_demo\Obj\stm32f1xx_hal_tim_ex.o
#        C:\Users\hjian\Desktop\程序\stm32_pid\EWARM\stm32_uart_demo\Obj\stm32f1xx_hal_uart.o
#        C:\Users\hjian\Desktop\程序\stm32_pid\EWARM\stm32_uart_demo\Obj\stm32f1xx_it.o
#        C:\Users\hjian\Desktop\程序\stm32_pid\EWARM\stm32_uart_demo\Obj\system_stm32f1xx.o
#        C:\Users\hjian\Desktop\程序\stm32_pid\EWARM\stm32_uart_demo\Obj\task.o
#        C:\Users\hjian\Desktop\程序\stm32_pid\EWARM\stm32_uart_demo\Obj\uart.o
#        --no_out_extension -o
#        C:\Users\hjian\Desktop\程序\stm32_pid\EWARM\stm32_uart_demo\Exe\stm32_uart_demo.out
#        --redirect _Printf=_PrintfFullNoMb --redirect _Scanf=_ScanfFullNoMb
#        --map
#        C:\Users\hjian\Desktop\程序\stm32_pid\EWARM\stm32_uart_demo\List\stm32_uart_demo.map
#        --config
#        C:\Users\hjian\Desktop\程序\stm32_pid\EWARM/stm32f103x6_flash.icf
#        --semihosting --entry __iar_program_start --vfe --text_out locale)
#
###############################################################################

*******************************************************************************
*** RUNTIME MODEL ATTRIBUTES
***

CppFlavor       = *
__SystemLibrary = DLib
__dlib_version  = 6


*******************************************************************************
*** HEAP SELECTION
***

The basic heap was selected because no calls to memory allocation
functions were found in the application outside of system library
functions, and there are calls to deallocation functions in the
application.


*******************************************************************************
*** PLACEMENT SUMMARY
***

"A0":  place at address 0x800'0000 { ro section .intvec };
"P1":  place in [from 0x800'0000 to 0x800'7fff] { ro };
define block CSTACK with size = 1K, alignment = 8 { };
define block HEAP with size = 512, alignment = 8 { };
"P2":  place in [from 0x2000'0000 to 0x2000'27ff] {
          rw, block CSTACK, block HEAP };
initialize by copy { rw };

  Section            Kind         Address    Size  Object
  -------            ----         -------    ----  ------
"A0":                                        0xec
  .intvec            ro code   0x800'0000    0xec  startup_stm32f103x6.o [1]
                             - 0x800'00ec    0xec

"P1":                                      0x20b2
  .text              ro code   0x800'00ec   0x63a  stm32f1xx_hal_tim.o [1]
  .text              ro code   0x800'0726    0x3a  zero_init3.o [4]
  .text              ro code   0x800'0760   0x170  stm32f1xx_hal_msp.o [1]
  .text              ro code   0x800'08d0     0x2  stm32f1xx_hal_tim.o [1]
  .text              ro code   0x800'08d2     0x2  stm32f1xx_hal_tim.o [1]
  .text              ro code   0x800'08d4     0x2  stm32f1xx_hal_tim.o [1]
  .text              ro code   0x800'08d8    0x7c  task.o [1]
  .text              ro code   0x800'0954     0x2  stm32f1xx_hal_tim_ex.o [1]
  .text              ro code   0x800'0956     0x2  stm32f1xx_hal_tim.o [1]
  .text              ro code   0x800'0958     0x2  stm32f1xx_hal_tim_ex.o [1]
  .text              ro code   0x800'095a     0x2  stm32f1xx_hal_tim.o [1]
  .text              ro code   0x800'095c    0xc4  stm32f1xx_hal_cortex.o [1]
  .text              ro code   0x800'0a20    0x14  memset.o [4]
  .text              ro code   0x800'0a34   0x1bc  stm32f1xx_hal_gpio.o [1]
  .text              ro code   0x800'0bf0   0x5ac  stm32f1xx_hal_uart.o [1]
  .text              ro code   0x800'119c    0x66  ABImemset.o [4]
  .text              ro code   0x800'1204   0x100  stm32f1xx_hal_dma.o [1]
  .text              ro code   0x800'1304     0x2  stm32f1xx_hal_uart.o [1]
  .text              ro code   0x800'1306     0x2  stm32f1xx_hal_uart.o [1]
  .text              ro code   0x800'1308   0x110  uart.o [1]
  .text              ro code   0x800'1418   0x4be  stm32f1xx_hal_rcc.o [1]
  .text              ro code   0x800'18d8     0xc  stm32f1xx_hal.o [1]
  .text              ro code   0x800'18e4    0x40  stm32f1xx_hal.o [1]
  .text              ro code   0x800'1924   0x29e  main.o [1]
  .text              ro code   0x800'1bc4    0x24  stm32f1xx_hal.o [1]
  .text              ro code   0x800'1be8    0x58  stm32f1xx_hal_tim_ex.o [1]
  .text              ro code   0x800'1c40   0x1a0  ds18b20.o [1]
  .text              ro code   0x800'1de0    0x24  S32ToFlt.o [3]
  .text              ro code   0x800'1e04    0xd8  FltMul.o [3]
  .text              ro code   0x800'1edc    0x2a  FltToS32.o [3]
  .text              ro code   0x800'1f08    0x3c  controller.o [1]
  .text              ro code   0x800'1f44    0x38  packbits_init_single.o [4]
  .text              ro code   0x800'1f7c    0x34  led.o [1]
  .text              ro code   0x800'1fb0    0x28  stm32f1xx_it.o [1]
  .text              ro code   0x800'1fd8    0x10  stm32f1xx_hal.o [1]
  .text              ro code   0x800'1fe8    0x28  data_init.o [4]
  .iar.init_table    const     0x800'2010    0x20  - Linker created -
  .text              ro code   0x800'2030    0x1e  cmain.o [4]
  .text              ro code   0x800'204e     0x4  low_level_init.o [2]
  .text              ro code   0x800'2052     0x4  exit.o [2]
  .text              ro code   0x800'2058     0xa  cexit.o [4]
  .text              ro code   0x800'2064    0x14  exit.o [5]
  .text              ro code   0x800'2078    0x1c  cstartup_M.o [4]
  .text              ro code   0x800'2094    0x14  system_stm32f1xx.o [1]
  .text              ro code   0x800'20a8    0x10  startup_stm32f103x6.o [1]
  .rodata            const     0x800'20b8     0x8  system_stm32f1xx.o [1]
  .text              ro code   0x800'20c0     0x4  startup_stm32f103x6.o [1]
  .text              ro code   0x800'20c4     0x4  startup_stm32f103x6.o [1]
  .text              ro code   0x800'20c8     0x4  startup_stm32f103x6.o [1]
  .text              ro code   0x800'20cc     0x4  startup_stm32f103x6.o [1]
  .text              ro code   0x800'20d0     0x4  startup_stm32f103x6.o [1]
  .text              ro code   0x800'20d4     0x4  startup_stm32f103x6.o [1]
  .text              ro code   0x800'20d8     0x4  startup_stm32f103x6.o [1]
  .text              ro code   0x800'20dc     0x4  startup_stm32f103x6.o [1]
  .text              ro code   0x800'20e0     0x4  startup_stm32f103x6.o [1]
  .text              ro code   0x800'20e4     0x4  startup_stm32f103x6.o [1]
  .text              ro code   0x800'20e8     0x4  startup_stm32f103x6.o [1]
  .text              ro code   0x800'20ec     0x4  startup_stm32f103x6.o [1]
  .text              ro code   0x800'20f0     0x4  startup_stm32f103x6.o [1]
  .text              ro code   0x800'20f4     0x4  startup_stm32f103x6.o [1]
  .text              ro code   0x800'20f8     0x4  startup_stm32f103x6.o [1]
  .text              ro code   0x800'20fc     0x4  startup_stm32f103x6.o [1]
  .text              ro code   0x800'2100     0x4  startup_stm32f103x6.o [1]
  .text              ro code   0x800'2104     0x4  startup_stm32f103x6.o [1]
  .text              ro code   0x800'2108     0x4  startup_stm32f103x6.o [1]
  .text              ro code   0x800'210c     0x4  startup_stm32f103x6.o [1]
  .text              ro code   0x800'2110     0x4  startup_stm32f103x6.o [1]
  .text              ro code   0x800'2114     0x4  startup_stm32f103x6.o [1]
  .text              ro code   0x800'2118     0x4  startup_stm32f103x6.o [1]
  .text              ro code   0x800'211c     0x4  startup_stm32f103x6.o [1]
  .text              ro code   0x800'2120     0x4  startup_stm32f103x6.o [1]
  .text              ro code   0x800'2124     0x4  startup_stm32f103x6.o [1]
  .text              ro code   0x800'2128     0x4  startup_stm32f103x6.o [1]
  .text              ro code   0x800'212c     0x4  startup_stm32f103x6.o [1]
  .text              ro code   0x800'2130     0x4  startup_stm32f103x6.o [1]
  .text              ro code   0x800'2134     0x4  startup_stm32f103x6.o [1]
  .text              ro code   0x800'2138     0x4  startup_stm32f103x6.o [1]
  .text              ro code   0x800'213c     0x4  startup_stm32f103x6.o [1]
  .text              ro code   0x800'2140     0x4  startup_stm32f103x6.o [1]
  .text              ro code   0x800'2144     0x4  startup_stm32f103x6.o [1]
  .text              ro code   0x800'2148     0x4  startup_stm32f103x6.o [1]
  .text              ro code   0x800'214c     0x4  startup_stm32f103x6.o [1]
  .rodata            const     0x800'2150     0x0  zero_init3.o [4]
  .rodata            const     0x800'2150     0x0  packbits_init_single.o [4]
  Initializer bytes  const     0x800'2150    0x4e  <for P2-1>
                             - 0x800'219e  0x20b2

"P2", part 1 of 3:                           0x6b
  P2-1                        0x2000'0000    0x6b  <Init block>
    .data            inited   0x2000'0000     0xc  stm32f1xx_hal.o [1]
    .data            inited   0x2000'000c     0x4  system_stm32f1xx.o [1]
    .data            inited   0x2000'0010    0x40  task.o [1]
    .data            inited   0x2000'0050    0x12  uart.o [1]
    .data            inited   0x2000'0062     0x8  controller.o [1]
    .data            inited   0x2000'006a     0x1  led.o [1]
                            - 0x2000'006b    0x6b

"P2", part 2 of 3:                           0xf4
  .bss               zero     0x2000'006c    0xd8  main.o [1]
  .bss               zero     0x2000'0144    0x18  ds18b20.o [1]
  .bss               zero     0x2000'015c     0x1  uart.o [1]
                            - 0x2000'015d    0xf1

"P2", part 3 of 3:                          0x400
  CSTACK                      0x2000'0160   0x400  <Block>
    CSTACK           uninit   0x2000'0160   0x400  <Block tail>
                            - 0x2000'0560   0x400

Unused ranges:

         From           To    Size
         ----           --    ----
   0x800'219e   0x800'7fff  0x5e62
  0x2000'006b  0x2000'006b     0x1
  0x2000'0560  0x2000'27ff  0x22a0


*******************************************************************************
*** INIT TABLE
***

          Address      Size
          -------      ----
Zero (__iar_zero_init3)
    1 destination range, total size 0xf1:
          0x2000'006c  0xf1

Copy/packbits (__iar_packbits_init_single3)
    1 source range, total size 0x4e (72% of destination):
           0x800'2150  0x4e
    1 destination range, total size 0x6b:
          0x2000'0000  0x6b



*******************************************************************************
*** MODULE SUMMARY
***

    Module                  ro code  ro data  rw data
    ------                  -------  -------  -------
command line/config:
    -------------------------------------------------
    Total:

C:\Users\hjian\Desktop\程序\stm32_pid\EWARM\stm32_uart_demo\Obj: [1]
    controller.o                 60        6        8
    ds18b20.o                   416                24
    led.o                        52        1        1
    main.o                      670               216
    startup_stm32f103x6.o       396
    stm32f1xx_hal.o             128        8       12
    stm32f1xx_hal_cortex.o      196
    stm32f1xx_hal_dma.o         256
    stm32f1xx_hal_gpio.o        444
    stm32f1xx_hal_msp.o         368
    stm32f1xx_hal_rcc.o       1'214
    stm32f1xx_hal_tim.o       1'604
    stm32f1xx_hal_tim_ex.o       92
    stm32f1xx_hal_uart.o      1'456
    stm32f1xx_it.o               40
    system_stm32f1xx.o           20       11        4
    task.o                      124       47       64
    uart.o                      272       13       19
    -------------------------------------------------
    Total:                    7'808       86      348

dl7M_tln.a: [2]
    exit.o                        4
    low_level_init.o              4
    -------------------------------------------------
    Total:                        8

m7M_tl.a: [3]
    FltMul.o                    216
    FltToS32.o                   42
    S32ToFlt.o                   36
    -------------------------------------------------
    Total:                      294

rt7M_tl.a: [4]
    ABImemset.o                 102
    cexit.o                      10
    cmain.o                      30
    cstartup_M.o                 28
    data_init.o                  40
    memset.o                     20
    packbits_init_single.o       56
    zero_init3.o                 58
    -------------------------------------------------
    Total:                      344

shb_l.a: [5]
    exit.o                       20
    -------------------------------------------------
    Total:                       20

    Gaps                         14
    Linker created                        32    1'024
-----------------------------------------------------
    Grand Total:              8'488      118    1'372


*******************************************************************************
*** ENTRY LIST
***

Entry                       Address   Size  Type      Object
-----                       -------   ----  ----      ------
.iar.init_table$$Base    0x800'2010          --   Gb  - Linker created -
.iar.init_table$$Limit   0x800'2030          --   Gb  - Linker created -
?main                    0x800'2031         Code  Gb  cmain.o [4]
AHBPrescTable            0x800'2098   0x10  Data  Gb  system_stm32f1xx.o [1]
APBPrescTable            0x800'20b8    0x8  Data  Gb  system_stm32f1xx.o [1]
Bang_Bang_Ctrl           0x800'1f0b   0x2e  Code  Gb  controller.o [1]
BusFault_Handler         0x800'1fb7    0x2  Code  Gb  stm32f1xx_it.o [1]
CSTACK$$Base            0x2000'0160          --   Gb  - Linker created -
CSTACK$$Limit           0x2000'0560          --   Gb  - Linker created -
DebugMon_Handler         0x800'1fbd    0x2  Code  Gb  stm32f1xx_it.o [1]
Error_Handler            0x800'1bbf    0x4  Code  Gb  main.o [1]
FSM_DS18B20              0x800'1c5d  0x150  Code  Gb  ds18b20.o [1]
HAL_DMA_Abort            0x800'1205   0x4a  Code  Gb  stm32f1xx_hal_dma.o [1]
HAL_DMA_Abort_IT         0x800'124f   0x9a  Code  Gb  stm32f1xx_hal_dma.o [1]
HAL_GPIO_Init            0x800'0a35  0x176  Code  Gb  stm32f1xx_hal_gpio.o [1]
HAL_GPIO_ReadPin         0x800'0bab    0xc  Code  Gb  stm32f1xx_hal_gpio.o [1]
HAL_GPIO_WritePin        0x800'0bb7    0x8  Code  Gb  stm32f1xx_hal_gpio.o [1]
HAL_GetTick              0x800'18d9    0xc  Code  Wk  stm32f1xx_hal.o [1]
HAL_IncTick              0x800'1fd9   0x10  Code  Wk  stm32f1xx_hal.o [1]
HAL_Init                 0x800'1bc5   0x20  Code  Gb  stm32f1xx_hal.o [1]
HAL_InitTick             0x800'18e5   0x40  Code  Wk  stm32f1xx_hal.o [1]
HAL_MspInit              0x800'0761   0x3a  Code  Gb  stm32f1xx_hal_msp.o [1]
HAL_NVIC_EnableIRQ       0x800'09cb   0x16  Code  Gb  stm32f1xx_hal_cortex.o [1]
HAL_NVIC_SetPriority     0x800'0991   0x3a  Code  Gb  stm32f1xx_hal_cortex.o [1]
HAL_NVIC_SetPriorityGrouping
                         0x800'0977   0x1a  Code  Gb  stm32f1xx_hal_cortex.o [1]
HAL_RCC_ClockConfig      0x800'172d   0xf4  Code  Gb  stm32f1xx_hal_rcc.o [1]
HAL_RCC_GetPCLK1Freq     0x800'186f   0x10  Code  Gb  stm32f1xx_hal_rcc.o [1]
HAL_RCC_GetPCLK2Freq     0x800'187f    0xe  Code  Gb  stm32f1xx_hal_rcc.o [1]
HAL_RCC_GetSysClockFreq
                         0x800'1835   0x3a  Code  Gb  stm32f1xx_hal_rcc.o [1]
HAL_RCC_GetSysClockFreq::aPLLMULFactorTable
                         0x800'18c4   0x10  Data  Lc  stm32f1xx_hal_rcc.o [1]
HAL_RCC_GetSysClockFreq::aPredivFactorTable
                         0x800'18d4    0x2  Data  Lc  stm32f1xx_hal_rcc.o [1]
HAL_RCC_OscConfig        0x800'1419  0x30c  Code  Gb  stm32f1xx_hal_rcc.o [1]
HAL_SYSTICK_Config       0x800'09e1   0x28  Code  Gb  stm32f1xx_hal_cortex.o [1]
HAL_TIMEx_BreakCallback
                         0x800'0955    0x2  Code  Wk  stm32f1xx_hal_tim_ex.o [1]
HAL_TIMEx_CommutCallback
                         0x800'0959    0x2  Code  Wk  stm32f1xx_hal_tim_ex.o [1]
HAL_TIMEx_MasterConfigSynchronization
                         0x800'1be9   0x4e  Code  Gb  stm32f1xx_hal_tim_ex.o [1]
HAL_TIM_Base_Init        0x800'00ed   0x1a  Code  Gb  stm32f1xx_hal_tim.o [1]
HAL_TIM_Base_MspInit     0x800'079b   0x4c  Code  Gb  stm32f1xx_hal_msp.o [1]
HAL_TIM_Base_Start_IT    0x800'0107   0x30  Code  Gb  stm32f1xx_hal_tim.o [1]
HAL_TIM_ConfigClockSource
                         0x800'0443   0xaa  Code  Gb  stm32f1xx_hal_tim.o [1]
HAL_TIM_IRQHandler       0x800'0245  0x12a  Code  Gb  stm32f1xx_hal_tim.o [1]
HAL_TIM_MspPostInit      0x800'07e7   0x54  Code  Gb  stm32f1xx_hal_msp.o [1]
HAL_TIM_PWM_ConfigChannel
                         0x800'037f   0xb6  Code  Gb  stm32f1xx_hal_tim.o [1]
HAL_TIM_PWM_Init         0x800'018d   0x1a  Code  Gb  stm32f1xx_hal_tim.o [1]
HAL_TIM_PWM_Start        0x800'01a7   0x5c  Code  Gb  stm32f1xx_hal_tim.o [1]
HAL_TIM_PeriodElapsedCallback
                         0x800'0931    0xe  Code  Gb  task.o [1]
HAL_UART_IRQHandler      0x800'0cdf  0x286  Code  Gb  stm32f1xx_hal_uart.o [1]
HAL_UART_Init            0x800'0bf1   0x1e  Code  Gb  stm32f1xx_hal_uart.o [1]
HAL_UART_MspInit         0x800'083b   0x7e  Code  Gb  stm32f1xx_hal_msp.o [1]
HAL_UART_Receive_IT      0x800'0c9d   0x26  Code  Gb  stm32f1xx_hal_uart.o [1]
HAL_UART_RxCpltCallback
                         0x800'13cb   0x22  Code  Gb  uart.o [1]
HAL_UART_Transmit_IT     0x800'0c6b   0x32  Code  Gb  stm32f1xx_hal_uart.o [1]
HAL_UART_TxCpltCallback
                         0x800'13ed   0x10  Code  Gb  uart.o [1]
HardFault_Handler        0x800'1fb3    0x2  Code  Gb  stm32f1xx_it.o [1]
Kp                      0x2000'0066    0x2  Data  Gb  controller.o [1]
MemManage_Handler        0x800'1fb5    0x2  Code  Gb  stm32f1xx_it.o [1]
NMI_Handler              0x800'1fb1    0x2  Code  Gb  stm32f1xx_it.o [1]
PendSV_Handler           0x800'1fbf    0x2  Code  Gb  stm32f1xx_it.o [1]
Region$$Table$$Base      0x800'2010          --   Gb  - Linker created -
Region$$Table$$Limit     0x800'2030          --   Gb  - Linker created -
SVC_Handler              0x800'1fbb    0x2  Code  Gb  stm32f1xx_it.o [1]
SysTick_Handler          0x800'1fc1    0x4  Code  Gb  stm32f1xx_it.o [1]
SystemClock_Config       0x800'1b53   0x62  Code  Gb  main.o [1]
SystemCoreClock         0x2000'000c    0x4  Data  Gb  system_stm32f1xx.o [1]
SystemInit               0x800'2095    0x2  Code  Gb  system_stm32f1xx.o [1]
TIM1_UP_IRQHandler       0x800'1fc5    0x6  Code  Gb  stm32f1xx_it.o [1]
TIM_Base_SetConfig       0x800'0507   0x62  Code  Gb  stm32f1xx_hal_tim.o [1]
TIM_CCxChannelCmd        0x800'070b   0x16  Code  Gb  stm32f1xx_hal_tim.o [1]
TIM_ETR_SetConfig        0x800'06f7   0x14  Code  Gb  stm32f1xx_hal_tim.o [1]
TIM_ITRx_SetConfig       0x800'06e7   0x10  Code  Lc  stm32f1xx_hal_tim.o [1]
TIM_OC1_SetConfig        0x800'0569   0x4a  Code  Lc  stm32f1xx_hal_tim.o [1]
TIM_OC2_SetConfig        0x800'05b3   0x52  Code  Gb  stm32f1xx_hal_tim.o [1]
TIM_OC3_SetConfig        0x800'0605   0x50  Code  Lc  stm32f1xx_hal_tim.o [1]
TIM_OC4_SetConfig        0x800'0655   0x40  Code  Lc  stm32f1xx_hal_tim.o [1]
TIM_TI1_ConfigInputStage
                         0x800'06a5   0x1e  Code  Lc  stm32f1xx_hal_tim.o [1]
TIM_TI2_ConfigInputStage
                         0x800'06c3   0x24  Code  Lc  stm32f1xx_hal_tim.o [1]
TaskTable               0x2000'0010   0x40  Data  Gb  task.o [1]
Task_Ctrl                0x800'1f09    0x2  Code  Gb  controller.o [1]
Task_DS18B20             0x800'1db7   0x10  Code  Gb  ds18b20.o [1]
Task_Init                0x800'08d9   0x16  Code  Gb  task.o [1]
Task_Led                 0x800'1f7d   0x34  Code  Gb  led.o [1]
Task_Led::led_state     0x2000'006a    0x1  Data  Lc  led.o [1]
Task_Run                 0x800'08ef   0x24  Code  Gb  task.o [1]
Task_Uart                0x800'1339   0x46  Code  Gb  uart.o [1]
Task_Uart::comm_state   0x2000'0060    0x1  Data  Lc  uart.o [1]
TimeSlice_IncTick        0x800'0913   0x1e  Code  Gb  task.o [1]
UART_DMAAbortOnError     0x800'1041    0xc  Code  Lc  stm32f1xx_hal_uart.o [1]
UART_EndRxTransfer       0x800'1001   0x34  Code  Lc  stm32f1xx_hal_uart.o [1]
UART_GetTxFrame          0x800'1309   0x2c  Code  Gb  uart.o [1]
UART_ParseByte           0x800'1381   0x4a  Code  Gb  uart.o [1]
UART_ParseByte::parse_state
                        0x2000'0061    0x1  Data  Lc  uart.o [1]
UART_Receive_IT          0x800'104d   0xb4  Code  Lc  stm32f1xx_hal_uart.o [1]
UART_SetConfig           0x800'111d   0x74  Code  Lc  stm32f1xx_hal_uart.o [1]
UART_Start_Receive_IT    0x800'0faf   0x30  Code  Gb  stm32f1xx_hal_uart.o [1]
USART1_IRQHandler        0x800'1fcb    0x6  Code  Gb  stm32f1xx_it.o [1]
UsageFault_Handler       0x800'1fb9    0x2  Code  Gb  stm32f1xx_it.o [1]
__NVIC_SetPriority       0x800'095d   0x1a  Code  Lc  stm32f1xx_hal_cortex.o [1]
__aeabi_f2iz             0x800'1edd         Code  Gb  FltToS32.o [3]
__aeabi_fmul             0x800'1e05         Code  Gb  FltMul.o [3]
__aeabi_i2f              0x800'1de1         Code  Gb  S32ToFlt.o [3]
__aeabi_memset           0x800'119d         Code  Gb  ABImemset.o [4]
__cmain                  0x800'2031         Code  Gb  cmain.o [4]
__exit                   0x800'2065   0x14  Code  Gb  exit.o [5]
__iar_Memset             0x800'119d         Code  Gb  ABImemset.o [4]
__iar_Memset_word        0x800'11a5         Code  Gb  ABImemset.o [4]
__iar_data_init3         0x800'1fe9   0x28  Code  Gb  data_init.o [4]
__iar_packbits_init_single3
                         0x800'1f45   0x38  Code  Gb  packbits_init_single.o [4]
__iar_program_start      0x800'2079         Code  Gb  cstartup_M.o [4]
__iar_zero_init3         0x800'0727   0x3a  Code  Gb  zero_init3.o [4]
__low_level_init         0x800'204f    0x4  Code  Gb  low_level_init.o [2]
__vector_table           0x800'0000         Data  Gb  startup_stm32f103x6.o [1]
_call_main               0x800'203d         Code  Gb  cmain.o [4]
_exit                    0x800'2059         Code  Gb  cexit.o [4]
_main                    0x800'2047         Code  Gb  cmain.o [4]
data_len                0x2000'005d    0x1  Data  Lc  uart.o [1]
delay_us                 0x800'1c41   0x1c  Code  Lc  ds18b20.o [1]
ds18b20                 0x2000'0144   0x14  Data  Gb  ds18b20.o [1]
exit                     0x800'2053    0x4  Code  Gb  exit.o [2]
htim1                   0x2000'00b4   0x48  Data  Gb  main.o [1]
htim2                   0x2000'00fc   0x48  Data  Gb  main.o [1]
huart1                  0x2000'006c   0x48  Data  Gb  main.o [1]
main                     0x800'1925  0x1fc  Code  Gb  main.o [1]
memset                   0x800'0a21   0x14  Code  Gb  memset.o [4]
message_rx_finish       0x2000'005e    0x1  Data  Lc  uart.o [1]
message_tx_finish       0x2000'005f    0x1  Data  Lc  uart.o [1]
now                     0x2000'0158    0x4  Data  Gb  ds18b20.o [1]
pwm_duty                0x2000'0068    0x2  Data  Gb  controller.o [1]
rx_byte                 0x2000'015c    0x1  Data  Gb  uart.o [1]
rx_index                0x2000'005c    0x1  Data  Lc  uart.o [1]
temperature_error       0x2000'0064    0x2  Data  Gb  controller.o [1]
temperature_target      0x2000'0062    0x2  Data  Gb  controller.o [1]
tx_buf                  0x2000'0050    0xc  Data  Lc  uart.o [1]
uwTick                  0x2000'0004    0x4  Data  Gb  stm32f1xx_hal.o [1]
uwTickFreq              0x2000'0000    0x1  Data  Gb  stm32f1xx_hal.o [1]
uwTickPrio              0x2000'0008    0x4  Data  Gb  stm32f1xx_hal.o [1]


[1] = C:\Users\hjian\Desktop\程序\stm32_pid\EWARM\stm32_uart_demo\Obj
[2] = dl7M_tln.a
[3] = m7M_tl.a
[4] = rt7M_tl.a
[5] = shb_l.a

  8'488 bytes of readonly  code memory
    118 bytes of readonly  data memory
  1'372 bytes of readwrite data memory

Errors: none
Warnings: none
